

<!doctype html>
<html lang="en">
  <head>
    <meta charset="utf-8">
    <meta content="IE=edge,chrome=1" http-equiv="X-UA-Compatible">
    <meta name="viewport" content="width=device-width, initial-scale=1, maximum-scale=1">
    <title>API Reference</title>

    <link href="https://unpkg.com/prismjs@1.20.0/themes/prism-okaidia.css" media="screen" rel="stylesheet">
    <link href="slate/css/print.css" media="print" rel="stylesheet">
    <link href="slate/css/screen.css" media="screen" rel="stylesheet">
    <script src="slate/js/lib/jquery.min.js"></script>
    <script src="slate/js/lib/energize.js"></script>
    <script src="slate/js/lib/imagesloaded.min.js"></script>
    <script src="slate/js/app/lang.js"></script>
    <script src="slate/js/app/toc.js"></script>
    
    <script src="slate/js/lib/jquery.highlight.js"></script>
    <script src="slate/js/lib/lunr.min.js"></script>
    <script src="slate/js/app/search.js"></script>
    
    
    <script src="slate/js/app/copy.js"></script>
    
    <script type="text/javascript">
      function adjustLanguageSelectorWidth() {
        const elem = $('.dark-box > .lang-selector');
        elem.width(elem.parent().width());
      }
      $(function() {
        loadToc($('#toc'), '.toc-link', '.toc-list-h2, .toc-list-h3, .toc-list-h4, .toc-list-h5, .toc-list-h6', 10);
        setupLanguages($('body').data('languages'));
        $('.content').imagesLoaded( function() {
          recacheHeights();
          refreshToc();
        });
        $(window).resize(function() {
          adjustLanguageSelectorWidth();
        });
        adjustLanguageSelectorWidth();
      });
      window.onpopstate = function() {
        activateLanguage(getLanguageFromQueryString());
      };
    </script>
    <!-- slate; content for the head element from source/includes/head.ejs -->
<meta name="theme-color" content="#F3F7F9">

  </head>

  <body data-languages="[&quot;shell&quot;,&quot;ruby&quot;,&quot;python&quot;,&quot;javascript&quot;]">
    <a href="#" id="nav-button">
      <span>
        NAV
        <img src="slate/img/navbar.png" alt="Navigation">
      </span>
    </a>
    <div class="toc-wrapper">
      <img src="slate/img/logo.png" alt="Logo" class="logo">
      
        <div class="lang-selector">
          
            
              <a href="#" data-language-name="shell">shell</a>
            
          
            
              <a href="#" data-language-name="ruby">ruby</a>
            
          
            
              <a href="#" data-language-name="python">python</a>
            
          
            
              <a href="#" data-language-name="javascript">javascript</a>
            
          
        </div>
      
      
        <div class="search">
          <input type="text" class="search" id="input-search" placeholder="Search">
        </div>
        <ul class="search-results"></ul>
      

      
        
      

      <div id="toc" class="toc-list-h1">
	  	<ul class="toc-list-h1">
        
          <li>
            <a href="#introduction" class="toc-h1 toc-link" data-title="Introduction">Introduction</a>
            
          </li>
        
          <li>
            <a href="#authentication" class="toc-h1 toc-link" data-title="Authentication">Authentication</a>
            
          </li>
        
          <li>
            <a href="#kittens" class="toc-h1 toc-link" data-title="Kittens">Kittens</a>
            
              <ul class="toc-list-h2">
                
                  <li>
                    <a href="#get-all-kittens" class="toc-h2 toc-link" data-title="">Get All Kittens</a>
                    
                  </li>
                
                  <li>
                    <a href="#get-a-specific-kitten" class="toc-h2 toc-link" data-title="">Get a Specific Kitten</a>
                    
                  </li>
                
                  <li>
                    <a href="#delete-a-specific-kitten" class="toc-h2 toc-link" data-title="">Delete a Specific Kitten</a>
                    
                  </li>
                
              </ul>
            
          </li>
        
          <li>
            <a href="#errors" class="toc-h1 toc-link" data-title="Errors">Errors</a>
            
          </li>
        
		</ul>
      </div>
      
        <ul class="toc-footer">
          
            <li><a href='#'>Sign Up for a Developer Key</a></li>
          
            <li><a href='https://github.com/slatedocs/slate'>Documentation Powered by Slate</a></li>
          
        </ul>
      
    </div>
    <div class="page-wrapper">
      <div class="dark-box"></div>
      <div class="content">
        <h1 id="introduction">Introduction</h1>
<p>Welcome to the Kittn API! You can use our API to access Kittn API endpoints, which can get information on various cats, kittens, and breeds in our database.</p>
<p>We have language bindings in Shell, Ruby, Python, and JavaScript! You can view code examples in the dark area to the right, and you can switch the programming language of the examples with the tabs in the top right.</p>
<p>This example API documentation page was created with <a href="https://github.com/slatedocs/slate">Slate</a>. Feel free to edit it and use it as a base for your own APIâ€™s documentation.</p>
<h1 id="authentication">Authentication</h1>
<blockquote>
<p>To authorize, use this code:</p>
</blockquote>
<pre class="language-ruby"><code class="language-ruby"><span class="token keyword">require</span> <span class="token string">'kittn'</span><br><br>api <span class="token operator">=</span> <span class="token constant">Kittn</span><span class="token punctuation">:</span><span class="token punctuation">:</span><span class="token constant">APIClient</span><span class="token punctuation">.</span>authorize<span class="token operator">!</span><span class="token punctuation">(</span><span class="token string">'meowmeowmeow'</span><span class="token punctuation">)</span></code></pre>
<pre class="language-python"><code class="language-python"><span class="token keyword">import</span> kittn<br><br>api <span class="token operator">=</span> kittn<span class="token punctuation">.</span>authorize<span class="token punctuation">(</span><span class="token string">'meowmeowmeow'</span><span class="token punctuation">)</span></code></pre>
<pre class="language-shell"><code class="language-shell"><span class="token comment"># With shell, you can just pass the correct header with each request</span><br><span class="token function">curl</span> <span class="token string">"api_endpoint_here"</span><br>  -H <span class="token string">"Authorization: meowmeowmeow"</span></code></pre>
<pre class="language-javascript"><code class="language-javascript"><span class="token keyword">const</span> kittn <span class="token operator">=</span> <span class="token function">require</span><span class="token punctuation">(</span><span class="token string">'kittn'</span><span class="token punctuation">)</span><span class="token punctuation">;</span><br><br><span class="token keyword">let</span> api <span class="token operator">=</span> kittn<span class="token punctuation">.</span><span class="token function">authorize</span><span class="token punctuation">(</span><span class="token string">'meowmeowmeow'</span><span class="token punctuation">)</span><span class="token punctuation">;</span></code></pre>
<blockquote>
<p>Make sure to replace <code>meowmeowmeow</code> with your API key.</p>
</blockquote>
<p>Kittn uses API keys to allow access to the API. You can register a new Kittn API key at our <a href="http://example.com/developers">developer portal</a>.</p>
<p>Kittn expects for the API key to be included in all API requests to the server in a header that looks like the following:</p>
<p><code>Authorization: meowmeowmeow</code></p>
<aside class="notice">
You must replace <code>meowmeowmeow</code> with your personal API key.
</aside>
<h1 id="kittens">Kittens</h1>
<h2 id="get-all-kittens">Get All Kittens</h2>
<pre class="language-ruby"><code class="language-ruby"><span class="token keyword">require</span> <span class="token string">'kittn'</span><br><br>api <span class="token operator">=</span> <span class="token constant">Kittn</span><span class="token punctuation">:</span><span class="token punctuation">:</span><span class="token constant">APIClient</span><span class="token punctuation">.</span>authorize<span class="token operator">!</span><span class="token punctuation">(</span><span class="token string">'meowmeowmeow'</span><span class="token punctuation">)</span><br>api<span class="token punctuation">.</span>kittens<span class="token punctuation">.</span>get</code></pre>
<pre class="language-python"><code class="language-python"><span class="token keyword">import</span> kittn<br><br>api <span class="token operator">=</span> kittn<span class="token punctuation">.</span>authorize<span class="token punctuation">(</span><span class="token string">'meowmeowmeow'</span><span class="token punctuation">)</span><br>api<span class="token punctuation">.</span>kittens<span class="token punctuation">.</span>get<span class="token punctuation">(</span><span class="token punctuation">)</span></code></pre>
<pre class="language-shell"><code class="language-shell"><span class="token function">curl</span> <span class="token string">"http://example.com/api/kittens"</span><br>  -H <span class="token string">"Authorization: meowmeowmeow"</span></code></pre>
<pre class="language-javascript"><code class="language-javascript"><span class="token keyword">const</span> kittn <span class="token operator">=</span> <span class="token function">require</span><span class="token punctuation">(</span><span class="token string">'kittn'</span><span class="token punctuation">)</span><span class="token punctuation">;</span><br><br><span class="token keyword">let</span> api <span class="token operator">=</span> kittn<span class="token punctuation">.</span><span class="token function">authorize</span><span class="token punctuation">(</span><span class="token string">'meowmeowmeow'</span><span class="token punctuation">)</span><span class="token punctuation">;</span><br><span class="token keyword">let</span> kittens <span class="token operator">=</span> api<span class="token punctuation">.</span>kittens<span class="token punctuation">.</span><span class="token function">get</span><span class="token punctuation">(</span><span class="token punctuation">)</span><span class="token punctuation">;</span></code></pre>
<blockquote>
<p>The above command returns JSON structured like this:</p>
</blockquote>
<pre class="language-json"><code class="language-json"><span class="token punctuation">[</span><br>  <span class="token punctuation">{</span><br>    <span class="token property">"id"</span><span class="token operator">:</span> <span class="token number">1</span><span class="token punctuation">,</span><br>    <span class="token property">"name"</span><span class="token operator">:</span> <span class="token string">"Fluffums"</span><span class="token punctuation">,</span><br>    <span class="token property">"breed"</span><span class="token operator">:</span> <span class="token string">"calico"</span><span class="token punctuation">,</span><br>    <span class="token property">"fluffiness"</span><span class="token operator">:</span> <span class="token number">6</span><span class="token punctuation">,</span><br>    <span class="token property">"cuteness"</span><span class="token operator">:</span> <span class="token number">7</span><br>  <span class="token punctuation">}</span><span class="token punctuation">,</span><br>  <span class="token punctuation">{</span><br>    <span class="token property">"id"</span><span class="token operator">:</span> <span class="token number">2</span><span class="token punctuation">,</span><br>    <span class="token property">"name"</span><span class="token operator">:</span> <span class="token string">"Max"</span><span class="token punctuation">,</span><br>    <span class="token property">"breed"</span><span class="token operator">:</span> <span class="token string">"unknown"</span><span class="token punctuation">,</span><br>    <span class="token property">"fluffiness"</span><span class="token operator">:</span> <span class="token number">5</span><span class="token punctuation">,</span><br>    <span class="token property">"cuteness"</span><span class="token operator">:</span> <span class="token number">10</span><br>  <span class="token punctuation">}</span><br><span class="token punctuation">]</span></code></pre>
<p>This endpoint retrieves all kittens.</p>
<h3 id="http-request">HTTP Request</h3>
<p><code>GET http://example.com/api/kittens</code></p>
<h3 id="query-parameters">Query Parameters</h3>
<table>
<thead>
<tr>
<th>Parameter</th>
<th>Default</th>
<th>Description</th>
</tr>
</thead>
<tbody>
<tr>
<td>include_cats</td>
<td>false</td>
<td>If set to true, the result will also include cats.</td>
</tr>
<tr>
<td>available</td>
<td>true</td>
<td>If set to false, the result will include kittens that have already been adopted.</td>
</tr>
</tbody>
</table>
<aside class="success">
Remember â€” a happy kitten is an authenticated kitten!
</aside>
<h2 id="get-a-specific-kitten">Get a Specific Kitten</h2>
<pre class="language-ruby"><code class="language-ruby"><span class="token keyword">require</span> <span class="token string">'kittn'</span><br><br>api <span class="token operator">=</span> <span class="token constant">Kittn</span><span class="token punctuation">:</span><span class="token punctuation">:</span><span class="token constant">APIClient</span><span class="token punctuation">.</span>authorize<span class="token operator">!</span><span class="token punctuation">(</span><span class="token string">'meowmeowmeow'</span><span class="token punctuation">)</span><br>api<span class="token punctuation">.</span>kittens<span class="token punctuation">.</span>get<span class="token punctuation">(</span><span class="token number">2</span><span class="token punctuation">)</span></code></pre>
<pre class="language-python"><code class="language-python"><span class="token keyword">import</span> kittn<br><br>api <span class="token operator">=</span> kittn<span class="token punctuation">.</span>authorize<span class="token punctuation">(</span><span class="token string">'meowmeowmeow'</span><span class="token punctuation">)</span><br>api<span class="token punctuation">.</span>kittens<span class="token punctuation">.</span>get<span class="token punctuation">(</span><span class="token number">2</span><span class="token punctuation">)</span></code></pre>
<pre class="language-shell"><code class="language-shell"><span class="token function">curl</span> <span class="token string">"http://example.com/api/kittens/2"</span><br>  -H <span class="token string">"Authorization: meowmeowmeow"</span></code></pre>
<pre class="language-javascript"><code class="language-javascript"><span class="token keyword">const</span> kittn <span class="token operator">=</span> <span class="token function">require</span><span class="token punctuation">(</span><span class="token string">'kittn'</span><span class="token punctuation">)</span><span class="token punctuation">;</span><br><br><span class="token keyword">let</span> api <span class="token operator">=</span> kittn<span class="token punctuation">.</span><span class="token function">authorize</span><span class="token punctuation">(</span><span class="token string">'meowmeowmeow'</span><span class="token punctuation">)</span><span class="token punctuation">;</span><br><span class="token keyword">let</span> max <span class="token operator">=</span> api<span class="token punctuation">.</span>kittens<span class="token punctuation">.</span><span class="token function">get</span><span class="token punctuation">(</span><span class="token number">2</span><span class="token punctuation">)</span><span class="token punctuation">;</span></code></pre>
<blockquote>
<p>The above command returns JSON structured like this:</p>
</blockquote>
<pre class="language-json"><code class="language-json"><span class="token punctuation">{</span><br>  <span class="token property">"id"</span><span class="token operator">:</span> <span class="token number">2</span><span class="token punctuation">,</span><br>  <span class="token property">"name"</span><span class="token operator">:</span> <span class="token string">"Max"</span><span class="token punctuation">,</span><br>  <span class="token property">"breed"</span><span class="token operator">:</span> <span class="token string">"unknown"</span><span class="token punctuation">,</span><br>  <span class="token property">"fluffiness"</span><span class="token operator">:</span> <span class="token number">5</span><span class="token punctuation">,</span><br>  <span class="token property">"cuteness"</span><span class="token operator">:</span> <span class="token number">10</span><br><span class="token punctuation">}</span></code></pre>
<p>This endpoint retrieves a specific kitten.</p>
<aside class="warning">Inside HTML code blocks like this one, you can't use Markdown, so use <code>&lt;code&gt;</code> blocks to denote code.</aside>
<h3 id="http-request-1">HTTP Request</h3>
<p><code>GET http://example.com/kittens/&lt;ID&gt;</code></p>
<h3 id="url-parameters">URL Parameters</h3>
<table>
<thead>
<tr>
<th>Parameter</th>
<th>Description</th>
</tr>
</thead>
<tbody>
<tr>
<td>ID</td>
<td>The ID of the kitten to retrieve</td>
</tr>
</tbody>
</table>
<h2 id="delete-a-specific-kitten">Delete a Specific Kitten</h2>
<pre class="language-ruby"><code class="language-ruby"><span class="token keyword">require</span> <span class="token string">'kittn'</span><br><br>api <span class="token operator">=</span> <span class="token constant">Kittn</span><span class="token punctuation">:</span><span class="token punctuation">:</span><span class="token constant">APIClient</span><span class="token punctuation">.</span>authorize<span class="token operator">!</span><span class="token punctuation">(</span><span class="token string">'meowmeowmeow'</span><span class="token punctuation">)</span><br>api<span class="token punctuation">.</span>kittens<span class="token punctuation">.</span>delete<span class="token punctuation">(</span><span class="token number">2</span><span class="token punctuation">)</span></code></pre>
<pre class="language-python"><code class="language-python"><span class="token keyword">import</span> kittn<br><br>api <span class="token operator">=</span> kittn<span class="token punctuation">.</span>authorize<span class="token punctuation">(</span><span class="token string">'meowmeowmeow'</span><span class="token punctuation">)</span><br>api<span class="token punctuation">.</span>kittens<span class="token punctuation">.</span>delete<span class="token punctuation">(</span><span class="token number">2</span><span class="token punctuation">)</span></code></pre>
<pre class="language-shell"><code class="language-shell"><span class="token function">curl</span> <span class="token string">"http://example.com/api/kittens/2"</span><br>  -X DELETE<br>  -H <span class="token string">"Authorization: meowmeowmeow"</span></code></pre>
<pre class="language-javascript"><code class="language-javascript"><span class="token keyword">const</span> kittn <span class="token operator">=</span> <span class="token function">require</span><span class="token punctuation">(</span><span class="token string">'kittn'</span><span class="token punctuation">)</span><span class="token punctuation">;</span><br><br><span class="token keyword">let</span> api <span class="token operator">=</span> kittn<span class="token punctuation">.</span><span class="token function">authorize</span><span class="token punctuation">(</span><span class="token string">'meowmeowmeow'</span><span class="token punctuation">)</span><span class="token punctuation">;</span><br><span class="token keyword">let</span> max <span class="token operator">=</span> api<span class="token punctuation">.</span>kittens<span class="token punctuation">.</span><span class="token function">delete</span><span class="token punctuation">(</span><span class="token number">2</span><span class="token punctuation">)</span><span class="token punctuation">;</span></code></pre>
<blockquote>
<p>The above command returns JSON structured like this:</p>
</blockquote>
<pre class="language-json"><code class="language-json"><span class="token punctuation">{</span><br>  <span class="token property">"id"</span><span class="token operator">:</span> <span class="token number">2</span><span class="token punctuation">,</span><br>  <span class="token property">"deleted"</span> <span class="token operator">:</span> <span class="token string">":("</span><br><span class="token punctuation">}</span></code></pre>
<p>This endpoint deletes a specific kitten.</p>
<h3 id="http-request-2">HTTP Request</h3>
<p><code>DELETE http://example.com/kittens/&lt;ID&gt;</code></p>
<h3 id="url-parameters-1">URL Parameters</h3>
<table>
<thead>
<tr>
<th>Parameter</th>
<th>Description</th>
</tr>
</thead>
<tbody>
<tr>
<td>ID</td>
<td>The ID of the kitten to delete</td>
</tr>
</tbody>
</table>
<h1 id="errors">Errors</h1>
<aside class="notice">
This error section is stored in a separate file in <code>includes/errors.md</code>. Slate allows you to optionally separate out your docs into many files...just save them to the <code>includes</code> folder and add them to the top of your <code>index.md</code>'s frontmatter. Files are included in the order listed.
</aside>
<p>The Kittn API uses the following error codes:</p>
<table>
<thead>
<tr>
<th>Error Code</th>
<th>Meaning</th>
</tr>
</thead>
<tbody>
<tr>
<td>400</td>
<td>Bad Request â€“ Your request is invalid.</td>
</tr>
<tr>
<td>401</td>
<td>Unauthorized â€“ Your API key is wrong.</td>
</tr>
<tr>
<td>403</td>
<td>Forbidden â€“ The kitten requested is hidden for administrators only.</td>
</tr>
<tr>
<td>404</td>
<td>Not Found â€“ The specified kitten could not be found.</td>
</tr>
<tr>
<td>405</td>
<td>Method Not Allowed â€“ You tried to access a kitten with an invalid method.</td>
</tr>
<tr>
<td>406</td>
<td>Not Acceptable â€“ You requested a format that isnâ€™t json.</td>
</tr>
<tr>
<td>410</td>
<td>Gone â€“ The kitten requested has been removed from our servers.</td>
</tr>
<tr>
<td>418</td>
<td>Iâ€™m a teapot.</td>
</tr>
<tr>
<td>429</td>
<td>Too Many Requests â€“ Youâ€™re requesting too many kittens! Slow down!</td>
</tr>
<tr>
<td>500</td>
<td>Internal Server Error â€“ We had a problem with our server. Try again later.</td>
</tr>
<tr>
<td>503</td>
<td>Service Unavailable â€“ Weâ€™re temporarily offline for maintenance. Please try again later.</td>
</tr>
</tbody>
</table>

      </div>
      <div class="dark-box">
        
          <div class="lang-selector">
            
              
                <a href="#" data-language-name="shell">shell</a>
              
            
              
                <a href="#" data-language-name="ruby">ruby</a>
              
            
              
                <a href="#" data-language-name="python">python</a>
              
            
              
                <a href="#" data-language-name="javascript">javascript</a>
              
            
          </div>
        
      </div>
    </div>
  </body>
</html>
